
Memory Configuration

Name             Origin             Length             Attributes
boot             0x00000000bfc00000 0x0000000000000c00
rom              0x0000000094000c00 0x0000000000000c00
ram              0x0000000080900000 0x0000000000000800
*default*        0x0000000000000000 0xffffffffffffffff

Linker script and memory map


.text1          0x00000000bfc00000      0xc00
 obj/boot.o(.text)
 .text          0x00000000bfc00000      0xc00 obj/boot.o
                0x00000000bfc00000                BOOT_Entry
                0x00000000bfc00380                BOOT_ExceptionHandler

.text2          0x0000000094000c00      0xc00 load address 0x00000000bfc00c00
 obj/bootrom.o(.text)
 .text          0x0000000094000c00      0xc00 obj/bootrom.o
                0x0000000094000c00                BOOTROM_Entry
                0x0000000094001800                . = ALIGN (0x10)
                0x0000000094001800                _ld_bootram_ROM_start = .

.text3          0x0000000080900000      0x800 load address 0x00000000bfc01800
                0x0000000080900000                _ld_bootram_RAM_start = .
 obj/bootram.o(.text)
 .text          0x0000000080900000      0x800 obj/bootram.o
                0x0000000080900000                BOOTRAM_Entry
                0x0000000080900800                . = ALIGN (0x10)
                0x0000000080900800                _ld_bootram_RAM_end = .

.data           0x0000000080900800        0x0
 *(.data)

.bss            0x0000000080900800        0x0
 *(.bss)

/DISCARD/
 *(.reginfo)
OUTPUT(out/boot.elf elf32-tradlittlemips)

.pdr            0x0000000000000000        0x0

.debug_line     0x0000000000000000      0x2bf
 .debug_line    0x0000000000000000       0xd9 obj/boot.o
 .debug_line    0x00000000000000d9      0x17c obj/bootrom.o
 .debug_line    0x0000000000000255       0x6a obj/bootram.o

.debug_info     0x0000000000000000      0x15c
 .debug_info    0x0000000000000000       0x72 obj/boot.o
 .debug_info    0x0000000000000072       0x75 obj/bootrom.o
 .debug_info    0x00000000000000e7       0x75 obj/bootram.o

.debug_abbrev   0x0000000000000000       0x3c
 .debug_abbrev  0x0000000000000000       0x14 obj/boot.o
 .debug_abbrev  0x0000000000000014       0x14 obj/bootrom.o
 .debug_abbrev  0x0000000000000028       0x14 obj/bootram.o

.debug_aranges  0x0000000000000000       0x60
 .debug_aranges
                0x0000000000000000       0x20 obj/boot.o
 .debug_aranges
                0x0000000000000020       0x20 obj/bootrom.o
 .debug_aranges
                0x0000000000000040       0x20 obj/bootram.o
